2025-10-05T21:39:22.180-05:00  INFO 92906 --- [main] a.AuthenticationserverApplication        : Starting AuthenticationserverApplication using Java 17.0.8.1 with PID 92906 (/Users/hasanain/Desktop/GitHub/Microservice/authentication-server/bin/main started by hasanain in /Users/hasanain/Desktop/GitHub/Microservice/authentication-server)
2025-10-05T21:39:22.181-05:00  INFO 92906 --- [main] a.AuthenticationserverApplication        : No active profile set, falling back to 1 default profile: "default"
2025-10-05T21:39:22.534-05:00  INFO 92906 --- [main] .s.d.r.c.RepositoryConfigurationDelegate : Bootstrapping Spring Data JPA repositories in DEFAULT mode.
2025-10-05T21:39:22.562-05:00  INFO 92906 --- [main] .s.d.r.c.RepositoryConfigurationDelegate : Finished Spring Data repository scanning in 23 ms. Found 1 JPA repository interface.
2025-10-05T21:39:22.843-05:00  INFO 92906 --- [main] o.s.b.w.embedded.tomcat.TomcatWebServer  : Tomcat initialized with port 8010 (http)
2025-10-05T21:39:22.850-05:00  INFO 92906 --- [main] o.apache.catalina.core.StandardService   : Starting service [Tomcat]
2025-10-05T21:39:22.850-05:00  INFO 92906 --- [main] o.apache.catalina.core.StandardEngine    : Starting Servlet engine: [Apache Tomcat/10.1.46]
2025-10-05T21:39:22.875-05:00  INFO 92906 --- [main] o.a.c.c.C.[Tomcat].[localhost].[/]       : Initializing Spring embedded WebApplicationContext
2025-10-05T21:39:22.875-05:00  INFO 92906 --- [main] w.s.c.ServletWebServerApplicationContext : Root WebApplicationContext: initialization completed in 664 ms
2025-10-05T21:39:22.936-05:00  INFO 92906 --- [main] com.zaxxer.hikari.HikariDataSource       : HikariPool-1 - Starting...
2025-10-05T21:39:23.119-05:00  INFO 92906 --- [main] com.zaxxer.hikari.pool.HikariPool        : HikariPool-1 - Added connection com.mysql.cj.jdbc.ConnectionImpl@3356ff58
2025-10-05T21:39:23.120-05:00  INFO 92906 --- [main] com.zaxxer.hikari.HikariDataSource       : HikariPool-1 - Start completed.
2025-10-05T21:39:23.191-05:00  INFO 92906 --- [main] o.hibernate.jpa.internal.util.LogHelper  : HHH000204: Processing PersistenceUnitInfo [name: default]
2025-10-05T21:39:23.217-05:00  INFO 92906 --- [main] org.hibernate.Version                    : HHH000412: Hibernate ORM core version 6.6.29.Final
2025-10-05T21:39:23.240-05:00  INFO 92906 --- [main] o.h.c.internal.RegionFactoryInitiator    : HHH000026: Second-level cache disabled
2025-10-05T21:39:23.387-05:00  INFO 92906 --- [main] o.s.o.j.p.SpringPersistenceUnitInfo      : No LoadTimeWeaver setup: ignoring JPA class transformer
2025-10-05T21:39:23.445-05:00  INFO 92906 --- [main] org.hibernate.orm.connections.pooling    : HHH10001005: Database info:
	Database JDBC URL [Connecting through datasource 'HikariDataSource (HikariPool-1)']
	Database driver: undefined/unknown
	Database version: 8.0.43
	Autocommit mode: undefined/unknown
	Isolation level: undefined/unknown
	Minimum pool size: undefined/unknown
	Maximum pool size: undefined/unknown
2025-10-05T21:39:23.448-05:00 DEBUG 92906 --- [main] o.h.t.d.sql.spi.DdlTypeRegistry          : addDescriptor(12, org.hibernate.type.descriptor.sql.internal.CapacityDependentDdlType@7e2a76be) replaced previous registration(org.hibernate.type.descriptor.sql.internal.CapacityDependentDdlType@24b8a393)
2025-10-05T21:39:23.448-05:00 DEBUG 92906 --- [main] o.h.t.d.sql.spi.DdlTypeRegistry          : addDescriptor(-9, org.hibernate.type.descriptor.sql.internal.CapacityDependentDdlType@20155dae) replaced previous registration(org.hibernate.type.descriptor.sql.internal.CapacityDependentDdlType@6c49ea0c)
2025-10-05T21:39:23.448-05:00 DEBUG 92906 --- [main] o.h.t.d.sql.spi.DdlTypeRegistry          : addDescriptor(-3, org.hibernate.type.descriptor.sql.internal.CapacityDependentDdlType@417bfebd) replaced previous registration(org.hibernate.type.descriptor.sql.internal.CapacityDependentDdlType@20be793a)
2025-10-05T21:39:23.448-05:00 DEBUG 92906 --- [main] o.h.t.d.sql.spi.DdlTypeRegistry          : addDescriptor(4003, org.hibernate.type.descriptor.sql.internal.DdlTypeImpl@2a4cb8ae) replaced previous registration(org.hibernate.type.descriptor.sql.internal.DdlTypeImpl@9763e61)
2025-10-05T21:39:23.448-05:00 DEBUG 92906 --- [main] o.h.t.d.sql.spi.DdlTypeRegistry          : addDescriptor(4001, org.hibernate.type.descriptor.sql.internal.DdlTypeImpl@17e6b7e4) replaced previous registration(org.hibernate.type.descriptor.sql.internal.DdlTypeImpl@44c27b8b)
2025-10-05T21:39:23.448-05:00 DEBUG 92906 --- [main] o.h.t.d.sql.spi.DdlTypeRegistry          : addDescriptor(4002, org.hibernate.type.descriptor.sql.internal.DdlTypeImpl@b842275) replaced previous registration(org.hibernate.type.descriptor.sql.internal.DdlTypeImpl@33399052)
2025-10-05T21:39:23.448-05:00 DEBUG 92906 --- [main] o.h.t.d.sql.spi.DdlTypeRegistry          : addDescriptor(2004, org.hibernate.type.descriptor.sql.internal.CapacityDependentDdlType@11c25846) replaced previous registration(org.hibernate.type.descriptor.sql.internal.DdlTypeImpl@460b77d6)
2025-10-05T21:39:23.448-05:00 DEBUG 92906 --- [main] o.h.t.d.sql.spi.DdlTypeRegistry          : addDescriptor(2005, org.hibernate.type.descriptor.sql.internal.CapacityDependentDdlType@6cb662e8) replaced previous registration(org.hibernate.type.descriptor.sql.internal.DdlTypeImpl@13f2d42c)
2025-10-05T21:39:23.448-05:00 DEBUG 92906 --- [main] o.h.t.d.sql.spi.DdlTypeRegistry          : addDescriptor(2011, org.hibernate.type.descriptor.sql.internal.CapacityDependentDdlType@1071ae7c) replaced previous registration(org.hibernate.type.descriptor.sql.internal.DdlTypeImpl@dd9de63)
2025-10-05T21:39:23.940-05:00  INFO 92906 --- [main] o.h.e.t.j.p.i.JtaPlatformInitiator       : HHH000489: No JTA platform available (set 'hibernate.transaction.jta.platform' to enable JTA platform integration)
2025-10-05T21:39:23.980-05:00  INFO 92906 --- [main] j.LocalContainerEntityManagerFactoryBean : Initialized JPA EntityManagerFactory for persistence unit 'default'
2025-10-05T21:39:24.140-05:00  INFO 92906 --- [main] o.s.d.j.r.query.QueryEnhancerFactory     : Hibernate is in classpath; If applicable, HQL parser will be used.
2025-10-05T21:39:24.182-05:00  WARN 92906 --- [main] JpaBaseConfiguration$JpaWebConfiguration : spring.jpa.open-in-view is enabled by default. Therefore, database queries may be performed during view rendering. Explicitly configure spring.jpa.open-in-view to disable this warning
2025-10-05T21:39:24.225-05:00 DEBUG 92906 --- [main] s.w.s.m.m.a.RequestMappingHandlerMapping : 4 mappings in 'requestMappingHandlerMapping'
2025-10-05T21:39:24.273-05:00 DEBUG 92906 --- [main] o.s.w.s.handler.SimpleUrlHandlerMapping  : Patterns [/webjars/**, /**] in 'resourceHandlerMapping'
2025-10-05T21:39:24.284-05:00  WARN 92906 --- [main] r$InitializeUserDetailsManagerConfigurer : Found 2 UserDetailsService beans, with names [customUserDetailsService, users]. Global Authentication Manager will not use a UserDetailsService for username/password login. Consider publishing a single UserDetailsService bean.
2025-10-05T21:39:24.284-05:00 DEBUG 92906 --- [main] swordEncoderAuthenticationManagerBuilder : No authenticationProviders and no parentAuthenticationManager defined. Returning null.
2025-10-05T21:39:24.350-05:00 DEBUG 92906 --- [main] o.s.s.web.DefaultSecurityFilterChain     : Will secure any request with filters: DisableEncodeUrlFilter, WebAsyncManagerIntegrationFilter, SecurityContextHolderFilter, HeaderWriterFilter, LogoutFilter, BearerTokenAuthenticationFilter, AuthenticationFilter, RequestCacheAwareFilter, SecurityContextHolderAwareRequestFilter, AnonymousAuthenticationFilter, SessionManagementFilter, ExceptionTranslationFilter, AuthorizationFilter
2025-10-05T21:39:24.358-05:00 DEBUG 92906 --- [main] o.s.s.web.DefaultSecurityFilterChain     : Will secure Or [Mvc [pattern='/auth/token']] with filters: DisableEncodeUrlFilter, WebAsyncManagerIntegrationFilter, SecurityContextHolderFilter, HeaderWriterFilter, LogoutFilter, BasicAuthenticationFilter, RequestCacheAwareFilter, SecurityContextHolderAwareRequestFilter, AnonymousAuthenticationFilter, SessionManagementFilter, ExceptionTranslationFilter, AuthorizationFilter
2025-10-05T21:39:24.399-05:00 DEBUG 92906 --- [main] s.w.s.m.m.a.RequestMappingHandlerAdapter : ControllerAdvice beans: 0 @ModelAttribute, 0 @InitBinder, 1 RequestBodyAdvice, 1 ResponseBodyAdvice
2025-10-05T21:39:24.423-05:00 DEBUG 92906 --- [main] .m.m.a.ExceptionHandlerExceptionResolver : ControllerAdvice beans: 0 @ExceptionHandler, 1 ResponseBodyAdvice
2025-10-05T21:39:24.493-05:00  INFO 92906 --- [main] o.s.b.w.embedded.tomcat.TomcatWebServer  : Tomcat started on port 8010 (http) with context path '/'
2025-10-05T21:39:24.500-05:00  INFO 92906 --- [main] a.AuthenticationserverApplication        : Started AuthenticationserverApplication in 2.573 seconds (process running for 2.944)
2025-10-05T21:41:10.306-05:00  INFO 92906 --- [RMI TCP Connection(11)-127.0.0.1] inMXBeanRegistrar$SpringApplicationAdmin : Application shutdown requested.
2025-10-05T21:41:10.334-05:00  INFO 92906 --- [RMI TCP Connection(11)-127.0.0.1] o.s.b.w.e.tomcat.GracefulShutdown        : Commencing graceful shutdown. Waiting for active requests to complete
2025-10-05T21:41:12.344-05:00  INFO 92906 --- [tomcat-shutdown] o.s.b.w.e.tomcat.GracefulShutdown        : Graceful shutdown complete
2025-10-05T21:41:12.345-05:00 ERROR 92906 --- [http-nio-8010-Acceptor] org.apache.tomcat.util.net.Acceptor      : Socket accept failed

java.nio.channels.AsynchronousCloseException: null
	at java.base/java.nio.channels.spi.AbstractInterruptibleChannel.end(AbstractInterruptibleChannel.java:202) ~[na:na]
	at java.base/sun.nio.ch.ServerSocketChannelImpl.end(ServerSocketChannelImpl.java:376) ~[na:na]
	at java.base/sun.nio.ch.ServerSocketChannelImpl.accept(ServerSocketChannelImpl.java:399) ~[na:na]
	at org.apache.tomcat.util.net.NioEndpoint.serverSocketAccept(NioEndpoint.java:537) ~[tomcat-embed-core-10.1.46.jar:10.1.46]
	at org.apache.tomcat.util.net.NioEndpoint.serverSocketAccept(NioEndpoint.java:72) ~[tomcat-embed-core-10.1.46.jar:10.1.46]
	at org.apache.tomcat.util.net.Acceptor.run(Acceptor.java:127) ~[tomcat-embed-core-10.1.46.jar:10.1.46]
	at java.base/java.lang.Thread.run(Thread.java:833) ~[na:na]

2025-10-05T21:41:12.368-05:00  INFO 92906 --- [RMI TCP Connection(11)-127.0.0.1] j.LocalContainerEntityManagerFactoryBean : Closing JPA EntityManagerFactory for persistence unit 'default'
2025-10-05T21:41:12.372-05:00  INFO 92906 --- [RMI TCP Connection(11)-127.0.0.1] com.zaxxer.hikari.HikariDataSource       : HikariPool-1 - Shutdown initiated...
2025-10-05T21:41:12.380-05:00  INFO 92906 --- [RMI TCP Connection(11)-127.0.0.1] com.zaxxer.hikari.HikariDataSource       : HikariPool-1 - Shutdown completed.
2025-10-05T21:41:22.421-05:00  INFO 93144 --- [main] a.AuthenticationserverApplication        : Starting AuthenticationserverApplication using Java 17.0.8.1 with PID 93144 (/Users/hasanain/Desktop/GitHub/Microservice/authentication-server/bin/main started by hasanain in /Users/hasanain/Desktop/GitHub/Microservice/authentication-server)
2025-10-05T21:41:22.422-05:00  INFO 93144 --- [main] a.AuthenticationserverApplication        : No active profile set, falling back to 1 default profile: "default"
2025-10-05T21:41:22.757-05:00  INFO 93144 --- [main] .s.d.r.c.RepositoryConfigurationDelegate : Bootstrapping Spring Data JPA repositories in DEFAULT mode.
2025-10-05T21:41:22.786-05:00  INFO 93144 --- [main] .s.d.r.c.RepositoryConfigurationDelegate : Finished Spring Data repository scanning in 23 ms. Found 1 JPA repository interface.
2025-10-05T21:41:23.056-05:00  INFO 93144 --- [main] o.s.b.w.embedded.tomcat.TomcatWebServer  : Tomcat initialized with port 8010 (http)
2025-10-05T21:41:23.063-05:00  INFO 93144 --- [main] o.apache.catalina.core.StandardService   : Starting service [Tomcat]
2025-10-05T21:41:23.063-05:00  INFO 93144 --- [main] o.apache.catalina.core.StandardEngine    : Starting Servlet engine: [Apache Tomcat/10.1.46]
2025-10-05T21:41:23.087-05:00  INFO 93144 --- [main] o.a.c.c.C.[Tomcat].[localhost].[/]       : Initializing Spring embedded WebApplicationContext
2025-10-05T21:41:23.088-05:00  INFO 93144 --- [main] w.s.c.ServletWebServerApplicationContext : Root WebApplicationContext: initialization completed in 646 ms
2025-10-05T21:41:23.147-05:00  INFO 93144 --- [main] com.zaxxer.hikari.HikariDataSource       : HikariPool-1 - Starting...
2025-10-05T21:41:23.343-05:00  INFO 93144 --- [main] com.zaxxer.hikari.pool.HikariPool        : HikariPool-1 - Added connection com.mysql.cj.jdbc.ConnectionImpl@1b47b7f5
2025-10-05T21:41:23.345-05:00  INFO 93144 --- [main] com.zaxxer.hikari.HikariDataSource       : HikariPool-1 - Start completed.
2025-10-05T21:41:23.416-05:00  INFO 93144 --- [main] o.hibernate.jpa.internal.util.LogHelper  : HHH000204: Processing PersistenceUnitInfo [name: default]
2025-10-05T21:41:23.442-05:00  INFO 93144 --- [main] org.hibernate.Version                    : HHH000412: Hibernate ORM core version 6.6.29.Final
2025-10-05T21:41:23.458-05:00  INFO 93144 --- [main] o.h.c.internal.RegionFactoryInitiator    : HHH000026: Second-level cache disabled
2025-10-05T21:41:23.609-05:00  INFO 93144 --- [main] o.s.o.j.p.SpringPersistenceUnitInfo      : No LoadTimeWeaver setup: ignoring JPA class transformer
2025-10-05T21:41:23.662-05:00  INFO 93144 --- [main] org.hibernate.orm.connections.pooling    : HHH10001005: Database info:
	Database JDBC URL [Connecting through datasource 'HikariDataSource (HikariPool-1)']
	Database driver: undefined/unknown
	Database version: 8.0.43
	Autocommit mode: undefined/unknown
	Isolation level: undefined/unknown
	Minimum pool size: undefined/unknown
	Maximum pool size: undefined/unknown
2025-10-05T21:41:23.665-05:00 DEBUG 93144 --- [main] o.h.t.d.sql.spi.DdlTypeRegistry          : addDescriptor(12, org.hibernate.type.descriptor.sql.internal.CapacityDependentDdlType@37c74e4e) replaced previous registration(org.hibernate.type.descriptor.sql.internal.CapacityDependentDdlType@128a188a)
2025-10-05T21:41:23.665-05:00 DEBUG 93144 --- [main] o.h.t.d.sql.spi.DdlTypeRegistry          : addDescriptor(-9, org.hibernate.type.descriptor.sql.internal.CapacityDependentDdlType@400008bf) replaced previous registration(org.hibernate.type.descriptor.sql.internal.CapacityDependentDdlType@72b1df49)
2025-10-05T21:41:23.665-05:00 DEBUG 93144 --- [main] o.h.t.d.sql.spi.DdlTypeRegistry          : addDescriptor(-3, org.hibernate.type.descriptor.sql.internal.CapacityDependentDdlType@7f894a6f) replaced previous registration(org.hibernate.type.descriptor.sql.internal.CapacityDependentDdlType@3d05435c)
2025-10-05T21:41:23.665-05:00 DEBUG 93144 --- [main] o.h.t.d.sql.spi.DdlTypeRegistry          : addDescriptor(4003, org.hibernate.type.descriptor.sql.internal.DdlTypeImpl@7d80e1b3) replaced previous registration(org.hibernate.type.descriptor.sql.internal.DdlTypeImpl@1b732dd)
2025-10-05T21:41:23.665-05:00 DEBUG 93144 --- [main] o.h.t.d.sql.spi.DdlTypeRegistry          : addDescriptor(4001, org.hibernate.type.descriptor.sql.internal.DdlTypeImpl@3458dab6) replaced previous registration(org.hibernate.type.descriptor.sql.internal.DdlTypeImpl@23d060c2)
2025-10-05T21:41:23.665-05:00 DEBUG 93144 --- [main] o.h.t.d.sql.spi.DdlTypeRegistry          : addDescriptor(4002, org.hibernate.type.descriptor.sql.internal.DdlTypeImpl@59278072) replaced previous registration(org.hibernate.type.descriptor.sql.internal.DdlTypeImpl@61be6051)
2025-10-05T21:41:23.665-05:00 DEBUG 93144 --- [main] o.h.t.d.sql.spi.DdlTypeRegistry          : addDescriptor(2004, org.hibernate.type.descriptor.sql.internal.CapacityDependentDdlType@13c18bba) replaced previous registration(org.hibernate.type.descriptor.sql.internal.DdlTypeImpl@33373f70)
2025-10-05T21:41:23.665-05:00 DEBUG 93144 --- [main] o.h.t.d.sql.spi.DdlTypeRegistry          : addDescriptor(2005, org.hibernate.type.descriptor.sql.internal.CapacityDependentDdlType@56f61d74) replaced previous registration(org.hibernate.type.descriptor.sql.internal.DdlTypeImpl@44d84313)
2025-10-05T21:41:23.665-05:00 DEBUG 93144 --- [main] o.h.t.d.sql.spi.DdlTypeRegistry          : addDescriptor(2011, org.hibernate.type.descriptor.sql.internal.CapacityDependentDdlType@5bdb9c69) replaced previous registration(org.hibernate.type.descriptor.sql.internal.DdlTypeImpl@511de4dd)
2025-10-05T21:41:24.185-05:00  INFO 93144 --- [main] o.h.e.t.j.p.i.JtaPlatformInitiator       : HHH000489: No JTA platform available (set 'hibernate.transaction.jta.platform' to enable JTA platform integration)
2025-10-05T21:41:24.280-05:00  INFO 93144 --- [main] j.LocalContainerEntityManagerFactoryBean : Initialized JPA EntityManagerFactory for persistence unit 'default'
2025-10-05T21:41:24.546-05:00  INFO 93144 --- [main] o.s.d.j.r.query.QueryEnhancerFactory     : Hibernate is in classpath; If applicable, HQL parser will be used.
2025-10-05T21:41:24.614-05:00  WARN 93144 --- [main] JpaBaseConfiguration$JpaWebConfiguration : spring.jpa.open-in-view is enabled by default. Therefore, database queries may be performed during view rendering. Explicitly configure spring.jpa.open-in-view to disable this warning
2025-10-05T21:41:24.661-05:00 DEBUG 93144 --- [main] s.w.s.m.m.a.RequestMappingHandlerMapping : 5 mappings in 'requestMappingHandlerMapping'
2025-10-05T21:41:24.709-05:00 DEBUG 93144 --- [main] o.s.w.s.handler.SimpleUrlHandlerMapping  : Patterns [/webjars/**, /**] in 'resourceHandlerMapping'
2025-10-05T21:41:24.719-05:00  WARN 93144 --- [main] r$InitializeUserDetailsManagerConfigurer : Found 2 UserDetailsService beans, with names [customUserDetailsService, users]. Global Authentication Manager will not use a UserDetailsService for username/password login. Consider publishing a single UserDetailsService bean.
2025-10-05T21:41:24.719-05:00 DEBUG 93144 --- [main] swordEncoderAuthenticationManagerBuilder : No authenticationProviders and no parentAuthenticationManager defined. Returning null.
2025-10-05T21:41:24.783-05:00 DEBUG 93144 --- [main] o.s.s.web.DefaultSecurityFilterChain     : Will secure any request with filters: DisableEncodeUrlFilter, WebAsyncManagerIntegrationFilter, SecurityContextHolderFilter, HeaderWriterFilter, LogoutFilter, BearerTokenAuthenticationFilter, AuthenticationFilter, RequestCacheAwareFilter, SecurityContextHolderAwareRequestFilter, AnonymousAuthenticationFilter, SessionManagementFilter, ExceptionTranslationFilter, AuthorizationFilter
2025-10-05T21:41:24.791-05:00 DEBUG 93144 --- [main] o.s.s.web.DefaultSecurityFilterChain     : Will secure Or [Mvc [pattern='/auth/token']] with filters: DisableEncodeUrlFilter, WebAsyncManagerIntegrationFilter, SecurityContextHolderFilter, HeaderWriterFilter, LogoutFilter, BasicAuthenticationFilter, RequestCacheAwareFilter, SecurityContextHolderAwareRequestFilter, AnonymousAuthenticationFilter, SessionManagementFilter, ExceptionTranslationFilter, AuthorizationFilter
2025-10-05T21:41:24.828-05:00 DEBUG 93144 --- [main] s.w.s.m.m.a.RequestMappingHandlerAdapter : ControllerAdvice beans: 0 @ModelAttribute, 0 @InitBinder, 1 RequestBodyAdvice, 1 ResponseBodyAdvice
2025-10-05T21:41:24.854-05:00 DEBUG 93144 --- [main] .m.m.a.ExceptionHandlerExceptionResolver : ControllerAdvice beans: 0 @ExceptionHandler, 1 ResponseBodyAdvice
2025-10-05T21:41:24.927-05:00  INFO 93144 --- [main] o.s.b.w.embedded.tomcat.TomcatWebServer  : Tomcat started on port 8010 (http) with context path '/'
2025-10-05T21:41:24.934-05:00  INFO 93144 --- [main] a.AuthenticationserverApplication        : Started AuthenticationserverApplication in 2.769 seconds (process running for 3.122)
2025-10-05T21:42:45.028-05:00  INFO 93144 --- [http-nio-8010-exec-1] o.a.c.c.C.[Tomcat].[localhost].[/]       : Initializing Spring DispatcherServlet 'dispatcherServlet'
2025-10-05T21:42:45.030-05:00  INFO 93144 --- [http-nio-8010-exec-1] o.s.web.servlet.DispatcherServlet        : Initializing Servlet 'dispatcherServlet'
2025-10-05T21:42:45.030-05:00 DEBUG 93144 --- [http-nio-8010-exec-1] o.s.web.servlet.DispatcherServlet        : Detected StandardServletMultipartResolver
2025-10-05T21:42:45.031-05:00 DEBUG 93144 --- [http-nio-8010-exec-1] o.s.web.servlet.DispatcherServlet        : Detected AcceptHeaderLocaleResolver
2025-10-05T21:42:45.031-05:00 DEBUG 93144 --- [http-nio-8010-exec-1] o.s.web.servlet.DispatcherServlet        : Detected FixedThemeResolver
2025-10-05T21:42:45.035-05:00 DEBUG 93144 --- [http-nio-8010-exec-1] o.s.web.servlet.DispatcherServlet        : Detected org.springframework.web.servlet.view.DefaultRequestToViewNameTranslator@3129792a
2025-10-05T21:42:45.036-05:00 DEBUG 93144 --- [http-nio-8010-exec-1] o.s.web.servlet.DispatcherServlet        : Detected org.springframework.web.servlet.support.SessionFlashMapManager@238cac6
2025-10-05T21:42:45.036-05:00 DEBUG 93144 --- [http-nio-8010-exec-1] o.s.web.servlet.DispatcherServlet        : enableLoggingRequestDetails='false': request parameters and headers will be masked to prevent unsafe logging of potentially sensitive data
2025-10-05T21:42:45.036-05:00  INFO 93144 --- [http-nio-8010-exec-1] o.s.web.servlet.DispatcherServlet        : Completed initialization in 6 ms
2025-10-05T21:42:45.051-05:00 DEBUG 93144 --- [http-nio-8010-exec-1] o.s.security.web.FilterChainProxy        : Securing POST /auth/signup
2025-10-05T21:42:45.057-05:00 DEBUG 93144 --- [http-nio-8010-exec-1] o.s.s.w.a.AnonymousAuthenticationFilter  : Set SecurityContextHolder to anonymous SecurityContext
2025-10-05T21:44:16.666-05:00  INFO 93144 --- [RMI TCP Connection(11)-127.0.0.1] inMXBeanRegistrar$SpringApplicationAdmin : Application shutdown requested.
2025-10-05T21:44:16.690-05:00  INFO 93144 --- [RMI TCP Connection(11)-127.0.0.1] o.s.b.w.e.tomcat.GracefulShutdown        : Commencing graceful shutdown. Waiting for active requests to complete
2025-10-05T21:44:18.702-05:00  INFO 93144 --- [tomcat-shutdown] o.s.b.w.e.tomcat.GracefulShutdown        : Graceful shutdown complete
2025-10-05T21:44:18.703-05:00 ERROR 93144 --- [http-nio-8010-Acceptor] org.apache.tomcat.util.net.Acceptor      : Socket accept failed

java.nio.channels.AsynchronousCloseException: null
	at java.base/java.nio.channels.spi.AbstractInterruptibleChannel.end(AbstractInterruptibleChannel.java:202) ~[na:na]
	at java.base/sun.nio.ch.ServerSocketChannelImpl.end(ServerSocketChannelImpl.java:376) ~[na:na]
	at java.base/sun.nio.ch.ServerSocketChannelImpl.accept(ServerSocketChannelImpl.java:399) ~[na:na]
	at org.apache.tomcat.util.net.NioEndpoint.serverSocketAccept(NioEndpoint.java:537) ~[tomcat-embed-core-10.1.46.jar:10.1.46]
	at org.apache.tomcat.util.net.NioEndpoint.serverSocketAccept(NioEndpoint.java:72) ~[tomcat-embed-core-10.1.46.jar:10.1.46]
	at org.apache.tomcat.util.net.Acceptor.run(Acceptor.java:127) ~[tomcat-embed-core-10.1.46.jar:10.1.46]
	at java.base/java.lang.Thread.run(Thread.java:833) ~[na:na]

2025-10-05T21:44:18.717-05:00  INFO 93144 --- [RMI TCP Connection(11)-127.0.0.1] j.LocalContainerEntityManagerFactoryBean : Closing JPA EntityManagerFactory for persistence unit 'default'
2025-10-05T21:44:18.719-05:00  INFO 93144 --- [RMI TCP Connection(11)-127.0.0.1] com.zaxxer.hikari.HikariDataSource       : HikariPool-1 - Shutdown initiated...
2025-10-05T21:44:18.726-05:00  INFO 93144 --- [RMI TCP Connection(11)-127.0.0.1] com.zaxxer.hikari.HikariDataSource       : HikariPool-1 - Shutdown completed.
2025-10-05T21:44:20.228-05:00  INFO 93472 --- [main] a.AuthenticationserverApplication        : Starting AuthenticationserverApplication using Java 17.0.8.1 with PID 93472 (/Users/hasanain/Desktop/GitHub/Microservice/authentication-server/bin/main started by hasanain in /Users/hasanain/Desktop/GitHub/Microservice/authentication-server)
2025-10-05T21:44:20.229-05:00  INFO 93472 --- [main] a.AuthenticationserverApplication        : No active profile set, falling back to 1 default profile: "default"
2025-10-05T21:44:20.578-05:00  INFO 93472 --- [main] .s.d.r.c.RepositoryConfigurationDelegate : Bootstrapping Spring Data JPA repositories in DEFAULT mode.
2025-10-05T21:44:20.607-05:00  INFO 93472 --- [main] .s.d.r.c.RepositoryConfigurationDelegate : Finished Spring Data repository scanning in 23 ms. Found 1 JPA repository interface.
2025-10-05T21:44:20.881-05:00  INFO 93472 --- [main] o.s.b.w.embedded.tomcat.TomcatWebServer  : Tomcat initialized with port 8010 (http)
2025-10-05T21:44:20.888-05:00  INFO 93472 --- [main] o.apache.catalina.core.StandardService   : Starting service [Tomcat]
2025-10-05T21:44:20.888-05:00  INFO 93472 --- [main] o.apache.catalina.core.StandardEngine    : Starting Servlet engine: [Apache Tomcat/10.1.46]
2025-10-05T21:44:20.914-05:00  INFO 93472 --- [main] o.a.c.c.C.[Tomcat].[localhost].[/]       : Initializing Spring embedded WebApplicationContext
2025-10-05T21:44:20.914-05:00  INFO 93472 --- [main] w.s.c.ServletWebServerApplicationContext : Root WebApplicationContext: initialization completed in 665 ms
2025-10-05T21:44:20.976-05:00  INFO 93472 --- [main] com.zaxxer.hikari.HikariDataSource       : HikariPool-1 - Starting...
2025-10-05T21:44:21.168-05:00  INFO 93472 --- [main] com.zaxxer.hikari.pool.HikariPool        : HikariPool-1 - Added connection com.mysql.cj.jdbc.ConnectionImpl@1b47b7f5
2025-10-05T21:44:21.170-05:00  INFO 93472 --- [main] com.zaxxer.hikari.HikariDataSource       : HikariPool-1 - Start completed.
2025-10-05T21:44:21.241-05:00  INFO 93472 --- [main] o.hibernate.jpa.internal.util.LogHelper  : HHH000204: Processing PersistenceUnitInfo [name: default]
2025-10-05T21:44:21.265-05:00  INFO 93472 --- [main] org.hibernate.Version                    : HHH000412: Hibernate ORM core version 6.6.29.Final
2025-10-05T21:44:21.285-05:00  INFO 93472 --- [main] o.h.c.internal.RegionFactoryInitiator    : HHH000026: Second-level cache disabled
2025-10-05T21:44:21.439-05:00  INFO 93472 --- [main] o.s.o.j.p.SpringPersistenceUnitInfo      : No LoadTimeWeaver setup: ignoring JPA class transformer
2025-10-05T21:44:21.498-05:00  INFO 93472 --- [main] org.hibernate.orm.connections.pooling    : HHH10001005: Database info:
	Database JDBC URL [Connecting through datasource 'HikariDataSource (HikariPool-1)']
	Database driver: undefined/unknown
	Database version: 8.0.43
	Autocommit mode: undefined/unknown
	Isolation level: undefined/unknown
	Minimum pool size: undefined/unknown
	Maximum pool size: undefined/unknown
2025-10-05T21:44:21.500-05:00 DEBUG 93472 --- [main] o.h.t.d.sql.spi.DdlTypeRegistry          : addDescriptor(12, org.hibernate.type.descriptor.sql.internal.CapacityDependentDdlType@37c74e4e) replaced previous registration(org.hibernate.type.descriptor.sql.internal.CapacityDependentDdlType@128a188a)
2025-10-05T21:44:21.501-05:00 DEBUG 93472 --- [main] o.h.t.d.sql.spi.DdlTypeRegistry          : addDescriptor(-9, org.hibernate.type.descriptor.sql.internal.CapacityDependentDdlType@400008bf) replaced previous registration(org.hibernate.type.descriptor.sql.internal.CapacityDependentDdlType@72b1df49)
2025-10-05T21:44:21.501-05:00 DEBUG 93472 --- [main] o.h.t.d.sql.spi.DdlTypeRegistry          : addDescriptor(-3, org.hibernate.type.descriptor.sql.internal.CapacityDependentDdlType@7f894a6f) replaced previous registration(org.hibernate.type.descriptor.sql.internal.CapacityDependentDdlType@3d05435c)
2025-10-05T21:44:21.501-05:00 DEBUG 93472 --- [main] o.h.t.d.sql.spi.DdlTypeRegistry          : addDescriptor(4003, org.hibernate.type.descriptor.sql.internal.DdlTypeImpl@7d80e1b3) replaced previous registration(org.hibernate.type.descriptor.sql.internal.DdlTypeImpl@1b732dd)
2025-10-05T21:44:21.501-05:00 DEBUG 93472 --- [main] o.h.t.d.sql.spi.DdlTypeRegistry          : addDescriptor(4001, org.hibernate.type.descriptor.sql.internal.DdlTypeImpl@3458dab6) replaced previous registration(org.hibernate.type.descriptor.sql.internal.DdlTypeImpl@23d060c2)
2025-10-05T21:44:21.501-05:00 DEBUG 93472 --- [main] o.h.t.d.sql.spi.DdlTypeRegistry          : addDescriptor(4002, org.hibernate.type.descriptor.sql.internal.DdlTypeImpl@59278072) replaced previous registration(org.hibernate.type.descriptor.sql.internal.DdlTypeImpl@61be6051)
2025-10-05T21:44:21.501-05:00 DEBUG 93472 --- [main] o.h.t.d.sql.spi.DdlTypeRegistry          : addDescriptor(2004, org.hibernate.type.descriptor.sql.internal.CapacityDependentDdlType@13c18bba) replaced previous registration(org.hibernate.type.descriptor.sql.internal.DdlTypeImpl@33373f70)
2025-10-05T21:44:21.501-05:00 DEBUG 93472 --- [main] o.h.t.d.sql.spi.DdlTypeRegistry          : addDescriptor(2005, org.hibernate.type.descriptor.sql.internal.CapacityDependentDdlType@56f61d74) replaced previous registration(org.hibernate.type.descriptor.sql.internal.DdlTypeImpl@44d84313)
2025-10-05T21:44:21.501-05:00 DEBUG 93472 --- [main] o.h.t.d.sql.spi.DdlTypeRegistry          : addDescriptor(2011, org.hibernate.type.descriptor.sql.internal.CapacityDependentDdlType@5bdb9c69) replaced previous registration(org.hibernate.type.descriptor.sql.internal.DdlTypeImpl@511de4dd)
2025-10-05T21:44:21.985-05:00  INFO 93472 --- [main] o.h.e.t.j.p.i.JtaPlatformInitiator       : HHH000489: No JTA platform available (set 'hibernate.transaction.jta.platform' to enable JTA platform integration)
2025-10-05T21:44:22.031-05:00  INFO 93472 --- [main] j.LocalContainerEntityManagerFactoryBean : Initialized JPA EntityManagerFactory for persistence unit 'default'
2025-10-05T21:44:22.204-05:00  INFO 93472 --- [main] o.s.d.j.r.query.QueryEnhancerFactory     : Hibernate is in classpath; If applicable, HQL parser will be used.
2025-10-05T21:44:22.247-05:00  WARN 93472 --- [main] JpaBaseConfiguration$JpaWebConfiguration : spring.jpa.open-in-view is enabled by default. Therefore, database queries may be performed during view rendering. Explicitly configure spring.jpa.open-in-view to disable this warning
2025-10-05T21:44:22.293-05:00 DEBUG 93472 --- [main] s.w.s.m.m.a.RequestMappingHandlerMapping : 5 mappings in 'requestMappingHandlerMapping'
2025-10-05T21:44:22.340-05:00 DEBUG 93472 --- [main] o.s.w.s.handler.SimpleUrlHandlerMapping  : Patterns [/webjars/**, /**] in 'resourceHandlerMapping'
2025-10-05T21:44:22.350-05:00  WARN 93472 --- [main] r$InitializeUserDetailsManagerConfigurer : Found 2 UserDetailsService beans, with names [customUserDetailsService, users]. Global Authentication Manager will not use a UserDetailsService for username/password login. Consider publishing a single UserDetailsService bean.
2025-10-05T21:44:22.350-05:00 DEBUG 93472 --- [main] swordEncoderAuthenticationManagerBuilder : No authenticationProviders and no parentAuthenticationManager defined. Returning null.
2025-10-05T21:44:22.411-05:00 DEBUG 93472 --- [main] o.s.s.web.DefaultSecurityFilterChain     : Will secure any request with filters: DisableEncodeUrlFilter, WebAsyncManagerIntegrationFilter, SecurityContextHolderFilter, HeaderWriterFilter, LogoutFilter, BearerTokenAuthenticationFilter, AuthenticationFilter, RequestCacheAwareFilter, SecurityContextHolderAwareRequestFilter, AnonymousAuthenticationFilter, SessionManagementFilter, ExceptionTranslationFilter, AuthorizationFilter
2025-10-05T21:44:22.420-05:00 DEBUG 93472 --- [main] o.s.s.web.DefaultSecurityFilterChain     : Will secure Or [Mvc [pattern='/auth/*']] with filters: DisableEncodeUrlFilter, WebAsyncManagerIntegrationFilter, SecurityContextHolderFilter, HeaderWriterFilter, LogoutFilter, BasicAuthenticationFilter, RequestCacheAwareFilter, SecurityContextHolderAwareRequestFilter, AnonymousAuthenticationFilter, SessionManagementFilter, ExceptionTranslationFilter, AuthorizationFilter
2025-10-05T21:44:22.465-05:00 DEBUG 93472 --- [main] s.w.s.m.m.a.RequestMappingHandlerAdapter : ControllerAdvice beans: 0 @ModelAttribute, 0 @InitBinder, 1 RequestBodyAdvice, 1 ResponseBodyAdvice
2025-10-05T21:44:22.491-05:00 DEBUG 93472 --- [main] .m.m.a.ExceptionHandlerExceptionResolver : ControllerAdvice beans: 0 @ExceptionHandler, 1 ResponseBodyAdvice
2025-10-05T21:44:22.563-05:00  INFO 93472 --- [main] o.s.b.w.embedded.tomcat.TomcatWebServer  : Tomcat started on port 8010 (http) with context path '/'
2025-10-05T21:44:22.569-05:00  INFO 93472 --- [main] a.AuthenticationserverApplication        : Started AuthenticationserverApplication in 2.588 seconds (process running for 2.942)
2025-10-05T21:44:26.226-05:00  INFO 93472 --- [http-nio-8010-exec-1] o.a.c.c.C.[Tomcat].[localhost].[/]       : Initializing Spring DispatcherServlet 'dispatcherServlet'
2025-10-05T21:44:26.227-05:00  INFO 93472 --- [http-nio-8010-exec-1] o.s.web.servlet.DispatcherServlet        : Initializing Servlet 'dispatcherServlet'
2025-10-05T21:44:26.227-05:00 DEBUG 93472 --- [http-nio-8010-exec-1] o.s.web.servlet.DispatcherServlet        : Detected StandardServletMultipartResolver
2025-10-05T21:44:26.227-05:00 DEBUG 93472 --- [http-nio-8010-exec-1] o.s.web.servlet.DispatcherServlet        : Detected AcceptHeaderLocaleResolver
2025-10-05T21:44:26.227-05:00 DEBUG 93472 --- [http-nio-8010-exec-1] o.s.web.servlet.DispatcherServlet        : Detected FixedThemeResolver
2025-10-05T21:44:26.228-05:00 DEBUG 93472 --- [http-nio-8010-exec-1] o.s.web.servlet.DispatcherServlet        : Detected org.springframework.web.servlet.view.DefaultRequestToViewNameTranslator@3129792a
2025-10-05T21:44:26.228-05:00 DEBUG 93472 --- [http-nio-8010-exec-1] o.s.web.servlet.DispatcherServlet        : Detected org.springframework.web.servlet.support.SessionFlashMapManager@238cac6
2025-10-05T21:44:26.228-05:00 DEBUG 93472 --- [http-nio-8010-exec-1] o.s.web.servlet.DispatcherServlet        : enableLoggingRequestDetails='false': request parameters and headers will be masked to prevent unsafe logging of potentially sensitive data
2025-10-05T21:44:26.228-05:00  INFO 93472 --- [http-nio-8010-exec-1] o.s.web.servlet.DispatcherServlet        : Completed initialization in 1 ms
2025-10-05T21:44:26.237-05:00 DEBUG 93472 --- [http-nio-8010-exec-1] o.s.security.web.FilterChainProxy        : Securing POST /auth/signup
2025-10-05T21:44:26.242-05:00 DEBUG 93472 --- [http-nio-8010-exec-1] o.s.s.w.a.AnonymousAuthenticationFilter  : Set SecurityContextHolder to anonymous SecurityContext
2025-10-05T21:49:45.001-05:00  INFO 93472 --- [RMI TCP Connection(14)-127.0.0.1] inMXBeanRegistrar$SpringApplicationAdmin : Application shutdown requested.
2025-10-05T21:49:45.012-05:00  INFO 93472 --- [RMI TCP Connection(14)-127.0.0.1] o.s.b.w.e.tomcat.GracefulShutdown        : Commencing graceful shutdown. Waiting for active requests to complete
2025-10-05T21:49:47.024-05:00  INFO 93472 --- [tomcat-shutdown] o.s.b.w.e.tomcat.GracefulShutdown        : Graceful shutdown complete
2025-10-05T21:49:47.026-05:00 ERROR 93472 --- [http-nio-8010-Acceptor] org.apache.tomcat.util.net.Acceptor      : Socket accept failed

java.nio.channels.AsynchronousCloseException: null
	at java.base/java.nio.channels.spi.AbstractInterruptibleChannel.end(AbstractInterruptibleChannel.java:202) ~[na:na]
	at java.base/sun.nio.ch.ServerSocketChannelImpl.end(ServerSocketChannelImpl.java:376) ~[na:na]
	at java.base/sun.nio.ch.ServerSocketChannelImpl.accept(ServerSocketChannelImpl.java:399) ~[na:na]
	at org.apache.tomcat.util.net.NioEndpoint.serverSocketAccept(NioEndpoint.java:537) ~[tomcat-embed-core-10.1.46.jar:10.1.46]
	at org.apache.tomcat.util.net.NioEndpoint.serverSocketAccept(NioEndpoint.java:72) ~[tomcat-embed-core-10.1.46.jar:10.1.46]
	at org.apache.tomcat.util.net.Acceptor.run(Acceptor.java:127) ~[tomcat-embed-core-10.1.46.jar:10.1.46]
	at java.base/java.lang.Thread.run(Thread.java:833) ~[na:na]

2025-10-05T21:49:47.039-05:00  INFO 93472 --- [RMI TCP Connection(14)-127.0.0.1] j.LocalContainerEntityManagerFactoryBean : Closing JPA EntityManagerFactory for persistence unit 'default'
2025-10-05T21:49:47.043-05:00  INFO 93472 --- [RMI TCP Connection(14)-127.0.0.1] com.zaxxer.hikari.HikariDataSource       : HikariPool-1 - Shutdown initiated...
2025-10-05T21:49:47.053-05:00  INFO 93472 --- [RMI TCP Connection(14)-127.0.0.1] com.zaxxer.hikari.HikariDataSource       : HikariPool-1 - Shutdown completed.
2025-10-05T21:49:48.497-05:00  INFO 94069 --- [main] a.AuthenticationserverApplication        : Starting AuthenticationserverApplication using Java 17.0.8.1 with PID 94069 (/Users/hasanain/Desktop/GitHub/Microservice/authentication-server/bin/main started by hasanain in /Users/hasanain/Desktop/GitHub/Microservice/authentication-server)
2025-10-05T21:49:48.498-05:00  INFO 94069 --- [main] a.AuthenticationserverApplication        : No active profile set, falling back to 1 default profile: "default"
2025-10-05T21:49:48.839-05:00  INFO 94069 --- [main] .s.d.r.c.RepositoryConfigurationDelegate : Bootstrapping Spring Data JPA repositories in DEFAULT mode.
2025-10-05T21:49:48.865-05:00  INFO 94069 --- [main] .s.d.r.c.RepositoryConfigurationDelegate : Finished Spring Data repository scanning in 21 ms. Found 1 JPA repository interface.
2025-10-05T21:49:49.130-05:00  INFO 94069 --- [main] o.s.b.w.embedded.tomcat.TomcatWebServer  : Tomcat initialized with port 8010 (http)
2025-10-05T21:49:49.138-05:00  INFO 94069 --- [main] o.apache.catalina.core.StandardService   : Starting service [Tomcat]
2025-10-05T21:49:49.138-05:00  INFO 94069 --- [main] o.apache.catalina.core.StandardEngine    : Starting Servlet engine: [Apache Tomcat/10.1.46]
2025-10-05T21:49:49.164-05:00  INFO 94069 --- [main] o.a.c.c.C.[Tomcat].[localhost].[/]       : Initializing Spring embedded WebApplicationContext
2025-10-05T21:49:49.165-05:00  INFO 94069 --- [main] w.s.c.ServletWebServerApplicationContext : Root WebApplicationContext: initialization completed in 647 ms
2025-10-05T21:49:49.229-05:00  INFO 94069 --- [main] com.zaxxer.hikari.HikariDataSource       : HikariPool-1 - Starting...
2025-10-05T21:49:49.424-05:00  INFO 94069 --- [main] com.zaxxer.hikari.pool.HikariPool        : HikariPool-1 - Added connection com.mysql.cj.jdbc.ConnectionImpl@51af8049
2025-10-05T21:49:49.425-05:00  INFO 94069 --- [main] com.zaxxer.hikari.HikariDataSource       : HikariPool-1 - Start completed.
2025-10-05T21:49:49.506-05:00  INFO 94069 --- [main] o.hibernate.jpa.internal.util.LogHelper  : HHH000204: Processing PersistenceUnitInfo [name: default]
2025-10-05T21:49:49.534-05:00  INFO 94069 --- [main] org.hibernate.Version                    : HHH000412: Hibernate ORM core version 6.6.29.Final
2025-10-05T21:49:49.557-05:00  INFO 94069 --- [main] o.h.c.internal.RegionFactoryInitiator    : HHH000026: Second-level cache disabled
2025-10-05T21:49:49.707-05:00  INFO 94069 --- [main] o.s.o.j.p.SpringPersistenceUnitInfo      : No LoadTimeWeaver setup: ignoring JPA class transformer
2025-10-05T21:49:49.762-05:00  INFO 94069 --- [main] org.hibernate.orm.connections.pooling    : HHH10001005: Database info:
	Database JDBC URL [Connecting through datasource 'HikariDataSource (HikariPool-1)']
	Database driver: undefined/unknown
	Database version: 8.0.43
	Autocommit mode: undefined/unknown
	Isolation level: undefined/unknown
	Minimum pool size: undefined/unknown
	Maximum pool size: undefined/unknown
2025-10-05T21:49:49.765-05:00 DEBUG 94069 --- [main] o.h.t.d.sql.spi.DdlTypeRegistry          : addDescriptor(12, org.hibernate.type.descriptor.sql.internal.CapacityDependentDdlType@52a75c12) replaced previous registration(org.hibernate.type.descriptor.sql.internal.CapacityDependentDdlType@57f1a1de)
2025-10-05T21:49:49.765-05:00 DEBUG 94069 --- [main] o.h.t.d.sql.spi.DdlTypeRegistry          : addDescriptor(-9, org.hibernate.type.descriptor.sql.internal.CapacityDependentDdlType@4a6ef712) replaced previous registration(org.hibernate.type.descriptor.sql.internal.CapacityDependentDdlType@98712fa)
2025-10-05T21:49:49.765-05:00 DEBUG 94069 --- [main] o.h.t.d.sql.spi.DdlTypeRegistry          : addDescriptor(-3, org.hibernate.type.descriptor.sql.internal.CapacityDependentDdlType@61288814) replaced previous registration(org.hibernate.type.descriptor.sql.internal.CapacityDependentDdlType@3b8d2abe)
2025-10-05T21:49:49.765-05:00 DEBUG 94069 --- [main] o.h.t.d.sql.spi.DdlTypeRegistry          : addDescriptor(4003, org.hibernate.type.descriptor.sql.internal.DdlTypeImpl@6669cba) replaced previous registration(org.hibernate.type.descriptor.sql.internal.DdlTypeImpl@37c74e4e)
2025-10-05T21:49:49.765-05:00 DEBUG 94069 --- [main] o.h.t.d.sql.spi.DdlTypeRegistry          : addDescriptor(4001, org.hibernate.type.descriptor.sql.internal.DdlTypeImpl@128a188a) replaced previous registration(org.hibernate.type.descriptor.sql.internal.DdlTypeImpl@400008bf)
2025-10-05T21:49:49.765-05:00 DEBUG 94069 --- [main] o.h.t.d.sql.spi.DdlTypeRegistry          : addDescriptor(4002, org.hibernate.type.descriptor.sql.internal.DdlTypeImpl@72b1df49) replaced previous registration(org.hibernate.type.descriptor.sql.internal.DdlTypeImpl@7f894a6f)
2025-10-05T21:49:49.765-05:00 DEBUG 94069 --- [main] o.h.t.d.sql.spi.DdlTypeRegistry          : addDescriptor(2004, org.hibernate.type.descriptor.sql.internal.CapacityDependentDdlType@3d05435c) replaced previous registration(org.hibernate.type.descriptor.sql.internal.DdlTypeImpl@7d80e1b3)
2025-10-05T21:49:49.765-05:00 DEBUG 94069 --- [main] o.h.t.d.sql.spi.DdlTypeRegistry          : addDescriptor(2005, org.hibernate.type.descriptor.sql.internal.CapacityDependentDdlType@1b732dd) replaced previous registration(org.hibernate.type.descriptor.sql.internal.DdlTypeImpl@3458dab6)
2025-10-05T21:49:49.765-05:00 DEBUG 94069 --- [main] o.h.t.d.sql.spi.DdlTypeRegistry          : addDescriptor(2011, org.hibernate.type.descriptor.sql.internal.CapacityDependentDdlType@23d060c2) replaced previous registration(org.hibernate.type.descriptor.sql.internal.DdlTypeImpl@59278072)
2025-10-05T21:49:50.243-05:00  INFO 94069 --- [main] o.h.e.t.j.p.i.JtaPlatformInitiator       : HHH000489: No JTA platform available (set 'hibernate.transaction.jta.platform' to enable JTA platform integration)
2025-10-05T21:49:50.295-05:00  INFO 94069 --- [main] j.LocalContainerEntityManagerFactoryBean : Initialized JPA EntityManagerFactory for persistence unit 'default'
2025-10-05T21:49:50.467-05:00  INFO 94069 --- [main] o.s.d.j.r.query.QueryEnhancerFactory     : Hibernate is in classpath; If applicable, HQL parser will be used.
2025-10-05T21:49:50.514-05:00  WARN 94069 --- [main] JpaBaseConfiguration$JpaWebConfiguration : spring.jpa.open-in-view is enabled by default. Therefore, database queries may be performed during view rendering. Explicitly configure spring.jpa.open-in-view to disable this warning
2025-10-05T21:49:50.562-05:00 DEBUG 94069 --- [main] s.w.s.m.m.a.RequestMappingHandlerMapping : 5 mappings in 'requestMappingHandlerMapping'
2025-10-05T21:49:50.608-05:00 DEBUG 94069 --- [main] o.s.w.s.handler.SimpleUrlHandlerMapping  : Patterns [/webjars/**, /**] in 'resourceHandlerMapping'
2025-10-05T21:49:50.617-05:00  WARN 94069 --- [main] r$InitializeUserDetailsManagerConfigurer : Found 2 UserDetailsService beans, with names [customUserDetailsService, users]. Global Authentication Manager will not use a UserDetailsService for username/password login. Consider publishing a single UserDetailsService bean.
2025-10-05T21:49:50.617-05:00 DEBUG 94069 --- [main] swordEncoderAuthenticationManagerBuilder : No authenticationProviders and no parentAuthenticationManager defined. Returning null.
2025-10-05T21:49:50.649-05:00  WARN 94069 --- [main] ConfigServletWebServerApplicationContext : Exception encountered during context initialization - cancelling refresh attempt: org.springframework.beans.factory.UnsatisfiedDependencyException: Error creating bean with name 'org.springframework.security.config.annotation.web.configuration.WebSecurityConfiguration': Unsatisfied dependency expressed through method 'setFilterChains' parameter 0: Error creating bean with name 'securityFilterChain' defined in class path resource [authenticationserver/config/SecurityConfig.class]: Failed to instantiate [org.springframework.security.web.SecurityFilterChain]: Factory method 'securityFilterChain' threw exception with message: Can't configure anyRequest after itself
2025-10-05T21:49:50.650-05:00  INFO 94069 --- [main] j.LocalContainerEntityManagerFactoryBean : Closing JPA EntityManagerFactory for persistence unit 'default'
2025-10-05T21:49:50.651-05:00  INFO 94069 --- [main] com.zaxxer.hikari.HikariDataSource       : HikariPool-1 - Shutdown initiated...
2025-10-05T21:49:50.657-05:00  INFO 94069 --- [main] com.zaxxer.hikari.HikariDataSource       : HikariPool-1 - Shutdown completed.
2025-10-05T21:49:50.658-05:00  INFO 94069 --- [main] o.apache.catalina.core.StandardService   : Stopping service [Tomcat]
2025-10-05T21:49:50.665-05:00  INFO 94069 --- [main] .s.b.a.l.ConditionEvaluationReportLogger : 

Error starting ApplicationContext. To display the condition evaluation report re-run your application with 'debug' enabled.
2025-10-05T21:49:50.674-05:00 ERROR 94069 --- [main] o.s.boot.SpringApplication               : Application run failed

org.springframework.beans.factory.UnsatisfiedDependencyException: Error creating bean with name 'org.springframework.security.config.annotation.web.configuration.WebSecurityConfiguration': Unsatisfied dependency expressed through method 'setFilterChains' parameter 0: Error creating bean with name 'securityFilterChain' defined in class path resource [authenticationserver/config/SecurityConfig.class]: Failed to instantiate [org.springframework.security.web.SecurityFilterChain]: Factory method 'securityFilterChain' threw exception with message: Can't configure anyRequest after itself
	at org.springframework.beans.factory.annotation.AutowiredAnnotationBeanPostProcessor$AutowiredMethodElement.resolveMethodArguments(AutowiredAnnotationBeanPostProcessor.java:896) ~[spring-beans-6.2.11.jar:6.2.11]
	at org.springframework.beans.factory.annotation.AutowiredAnnotationBeanPostProcessor$AutowiredMethodElement.inject(AutowiredAnnotationBeanPostProcessor.java:849) ~[spring-beans-6.2.11.jar:6.2.11]
	at org.springframework.beans.factory.annotation.InjectionMetadata.inject(InjectionMetadata.java:146) ~[spring-beans-6.2.11.jar:6.2.11]
	at org.springframework.beans.factory.annotation.AutowiredAnnotationBeanPostProcessor.postProcessProperties(AutowiredAnnotationBeanPostProcessor.java:509) ~[spring-beans-6.2.11.jar:6.2.11]
	at org.springframework.beans.factory.support.AbstractAutowireCapableBeanFactory.populateBean(AbstractAutowireCapableBeanFactory.java:1459) ~[spring-beans-6.2.11.jar:6.2.11]
	at org.springframework.beans.factory.support.AbstractAutowireCapableBeanFactory.doCreateBean(AbstractAutowireCapableBeanFactory.java:606) ~[spring-beans-6.2.11.jar:6.2.11]
	at org.springframework.beans.factory.support.AbstractAutowireCapableBeanFactory.createBean(AbstractAutowireCapableBeanFactory.java:529) ~[spring-beans-6.2.11.jar:6.2.11]
	at org.springframework.beans.factory.support.AbstractBeanFactory.lambda$doGetBean$0(AbstractBeanFactory.java:339) ~[spring-beans-6.2.11.jar:6.2.11]
	at org.springframework.beans.factory.support.DefaultSingletonBeanRegistry.getSingleton(DefaultSingletonBeanRegistry.java:373) ~[spring-beans-6.2.11.jar:6.2.11]
	at org.springframework.beans.factory.support.AbstractBeanFactory.doGetBean(AbstractBeanFactory.java:337) ~[spring-beans-6.2.11.jar:6.2.11]
	at org.springframework.beans.factory.support.AbstractBeanFactory.getBean(AbstractBeanFactory.java:202) ~[spring-beans-6.2.11.jar:6.2.11]
	at org.springframework.beans.factory.support.DefaultListableBeanFactory.instantiateSingleton(DefaultListableBeanFactory.java:1221) ~[spring-beans-6.2.11.jar:6.2.11]
	at org.springframework.beans.factory.support.DefaultListableBeanFactory.preInstantiateSingleton(DefaultListableBeanFactory.java:1187) ~[spring-beans-6.2.11.jar:6.2.11]
	at org.springframework.beans.factory.support.DefaultListableBeanFactory.preInstantiateSingletons(DefaultListableBeanFactory.java:1123) ~[spring-beans-6.2.11.jar:6.2.11]
	at org.springframework.context.support.AbstractApplicationContext.finishBeanFactoryInitialization(AbstractApplicationContext.java:987) ~[spring-context-6.2.11.jar:6.2.11]
	at org.springframework.context.support.AbstractApplicationContext.refresh(AbstractApplicationContext.java:627) ~[spring-context-6.2.11.jar:6.2.11]
	at org.springframework.boot.web.servlet.context.ServletWebServerApplicationContext.refresh(ServletWebServerApplicationContext.java:146) ~[spring-boot-3.5.6.jar:3.5.6]
	at org.springframework.boot.SpringApplication.refresh(SpringApplication.java:752) ~[spring-boot-3.5.6.jar:3.5.6]
	at org.springframework.boot.SpringApplication.refreshContext(SpringApplication.java:439) ~[spring-boot-3.5.6.jar:3.5.6]
	at org.springframework.boot.SpringApplication.run(SpringApplication.java:318) ~[spring-boot-3.5.6.jar:3.5.6]
	at org.springframework.boot.SpringApplication.run(SpringApplication.java:1361) ~[spring-boot-3.5.6.jar:3.5.6]
	at org.springframework.boot.SpringApplication.run(SpringApplication.java:1350) ~[spring-boot-3.5.6.jar:3.5.6]
	at authenticationserver.AuthenticationserverApplication.main(AuthenticationserverApplication.java:14) ~[main/:na]
Caused by: org.springframework.beans.factory.BeanCreationException: Error creating bean with name 'securityFilterChain' defined in class path resource [authenticationserver/config/SecurityConfig.class]: Failed to instantiate [org.springframework.security.web.SecurityFilterChain]: Factory method 'securityFilterChain' threw exception with message: Can't configure anyRequest after itself
	at org.springframework.beans.factory.support.ConstructorResolver.instantiate(ConstructorResolver.java:657) ~[spring-beans-6.2.11.jar:6.2.11]
	at org.springframework.beans.factory.support.ConstructorResolver.instantiateUsingFactoryMethod(ConstructorResolver.java:645) ~[spring-beans-6.2.11.jar:6.2.11]
	at org.springframework.beans.factory.support.AbstractAutowireCapableBeanFactory.instantiateUsingFactoryMethod(AbstractAutowireCapableBeanFactory.java:1375) ~[spring-beans-6.2.11.jar:6.2.11]
	at org.springframework.beans.factory.support.AbstractAutowireCapableBeanFactory.createBeanInstance(AbstractAutowireCapableBeanFactory.java:1205) ~[spring-beans-6.2.11.jar:6.2.11]
	at org.springframework.beans.factory.support.AbstractAutowireCapableBeanFactory.doCreateBean(AbstractAutowireCapableBeanFactory.java:569) ~[spring-beans-6.2.11.jar:6.2.11]
	at org.springframework.beans.factory.support.AbstractAutowireCapableBeanFactory.createBean(AbstractAutowireCapableBeanFactory.java:529) ~[spring-beans-6.2.11.jar:6.2.11]
	at org.springframework.beans.factory.support.AbstractBeanFactory.lambda$doGetBean$0(AbstractBeanFactory.java:339) ~[spring-beans-6.2.11.jar:6.2.11]
	at org.springframework.beans.factory.support.DefaultSingletonBeanRegistry.getSingleton(DefaultSingletonBeanRegistry.java:373) ~[spring-beans-6.2.11.jar:6.2.11]
	at org.springframework.beans.factory.support.AbstractBeanFactory.doGetBean(AbstractBeanFactory.java:337) ~[spring-beans-6.2.11.jar:6.2.11]
	at org.springframework.beans.factory.support.AbstractBeanFactory.getBean(AbstractBeanFactory.java:202) ~[spring-beans-6.2.11.jar:6.2.11]
	at org.springframework.beans.factory.config.DependencyDescriptor.resolveCandidate(DependencyDescriptor.java:254) ~[spring-beans-6.2.11.jar:6.2.11]
	at org.springframework.beans.factory.support.DefaultListableBeanFactory.addCandidateEntry(DefaultListableBeanFactory.java:2011) ~[spring-beans-6.2.11.jar:6.2.11]
	at org.springframework.beans.factory.support.DefaultListableBeanFactory.findAutowireCandidates(DefaultListableBeanFactory.java:1975) ~[spring-beans-6.2.11.jar:6.2.11]
	at org.springframework.beans.factory.support.DefaultListableBeanFactory.resolveMultipleBeanCollection(DefaultListableBeanFactory.java:1865) ~[spring-beans-6.2.11.jar:6.2.11]
	at org.springframework.beans.factory.support.DefaultListableBeanFactory.resolveMultipleBeans(DefaultListableBeanFactory.java:1833) ~[spring-beans-6.2.11.jar:6.2.11]
	at org.springframework.beans.factory.support.DefaultListableBeanFactory.doResolveDependency(DefaultListableBeanFactory.java:1709) ~[spring-beans-6.2.11.jar:6.2.11]
	at org.springframework.beans.factory.support.DefaultListableBeanFactory.resolveDependency(DefaultListableBeanFactory.java:1643) ~[spring-beans-6.2.11.jar:6.2.11]
	at org.springframework.beans.factory.annotation.AutowiredAnnotationBeanPostProcessor$AutowiredMethodElement.resolveMethodArguments(AutowiredAnnotationBeanPostProcessor.java:888) ~[spring-beans-6.2.11.jar:6.2.11]
	... 22 common frames omitted
Caused by: org.springframework.beans.BeanInstantiationException: Failed to instantiate [org.springframework.security.web.SecurityFilterChain]: Factory method 'securityFilterChain' threw exception with message: Can't configure anyRequest after itself
	at org.springframework.beans.factory.support.SimpleInstantiationStrategy.lambda$instantiate$0(SimpleInstantiationStrategy.java:200) ~[spring-beans-6.2.11.jar:6.2.11]
	at org.springframework.beans.factory.support.SimpleInstantiationStrategy.instantiateWithFactoryMethod(SimpleInstantiationStrategy.java:89) ~[spring-beans-6.2.11.jar:6.2.11]
	at org.springframework.beans.factory.support.SimpleInstantiationStrategy.instantiate(SimpleInstantiationStrategy.java:169) ~[spring-beans-6.2.11.jar:6.2.11]
	at org.springframework.beans.factory.support.ConstructorResolver.instantiate(ConstructorResolver.java:653) ~[spring-beans-6.2.11.jar:6.2.11]
	... 39 common frames omitted
Caused by: java.lang.IllegalStateException: Can't configure anyRequest after itself
	at org.springframework.util.Assert.state(Assert.java:79) ~[spring-core-6.2.11.jar:6.2.11]
	at org.springframework.security.config.annotation.web.AbstractRequestMatcherRegistry.anyRequest(AbstractRequestMatcherRegistry.java:104) ~[spring-security-config-6.5.5.jar:6.5.5]
	at authenticationserver.config.SecurityConfig.lambda$2(SecurityConfig.java:102) ~[main/:na]
	at org.springframework.security.config.annotation.web.builders.HttpSecurity.authorizeHttpRequests(HttpSecurity.java:1491) ~[spring-security-config-6.5.5.jar:6.5.5]
	at authenticationserver.config.SecurityConfig.securityFilterChain(SecurityConfig.java:102) ~[main/:na]
	at authenticationserver.config.SecurityConfig$$SpringCGLIB$$0.CGLIB$securityFilterChain$0(<generated>) ~[main/:na]
	at authenticationserver.config.SecurityConfig$$SpringCGLIB$$FastClass$$1.invoke(<generated>) ~[main/:na]
	at org.springframework.cglib.proxy.MethodProxy.invokeSuper(MethodProxy.java:258) ~[spring-core-6.2.11.jar:6.2.11]
	at org.springframework.context.annotation.ConfigurationClassEnhancer$BeanMethodInterceptor.intercept(ConfigurationClassEnhancer.java:400) ~[spring-context-6.2.11.jar:6.2.11]
	at authenticationserver.config.SecurityConfig$$SpringCGLIB$$0.securityFilterChain(<generated>) ~[main/:na]
	at java.base/jdk.internal.reflect.NativeMethodAccessorImpl.invoke0(Native Method) ~[na:na]
	at java.base/jdk.internal.reflect.NativeMethodAccessorImpl.invoke(NativeMethodAccessorImpl.java:77) ~[na:na]
	at java.base/jdk.internal.reflect.DelegatingMethodAccessorImpl.invoke(DelegatingMethodAccessorImpl.java:43) ~[na:na]
	at java.base/java.lang.reflect.Method.invoke(Method.java:568) ~[na:na]
	at org.springframework.beans.factory.support.SimpleInstantiationStrategy.lambda$instantiate$0(SimpleInstantiationStrategy.java:172) ~[spring-beans-6.2.11.jar:6.2.11]
	... 42 common frames omitted

2025-10-05T21:52:39.979-05:00  INFO 94391 --- [main] a.AuthenticationserverApplication        : Starting AuthenticationserverApplication using Java 17.0.8.1 with PID 94391 (/Users/hasanain/Desktop/GitHub/Microservice/authentication-server/bin/main started by hasanain in /Users/hasanain/Desktop/GitHub/Microservice/authentication-server)
2025-10-05T21:52:39.980-05:00  INFO 94391 --- [main] a.AuthenticationserverApplication        : No active profile set, falling back to 1 default profile: "default"
2025-10-05T21:52:40.327-05:00  INFO 94391 --- [main] .s.d.r.c.RepositoryConfigurationDelegate : Bootstrapping Spring Data JPA repositories in DEFAULT mode.
2025-10-05T21:52:40.354-05:00  INFO 94391 --- [main] .s.d.r.c.RepositoryConfigurationDelegate : Finished Spring Data repository scanning in 22 ms. Found 1 JPA repository interface.
2025-10-05T21:52:40.631-05:00  INFO 94391 --- [main] o.s.b.w.embedded.tomcat.TomcatWebServer  : Tomcat initialized with port 8010 (http)
2025-10-05T21:52:40.639-05:00  INFO 94391 --- [main] o.apache.catalina.core.StandardService   : Starting service [Tomcat]
2025-10-05T21:52:40.639-05:00  INFO 94391 --- [main] o.apache.catalina.core.StandardEngine    : Starting Servlet engine: [Apache Tomcat/10.1.46]
2025-10-05T21:52:40.664-05:00  INFO 94391 --- [main] o.a.c.c.C.[Tomcat].[localhost].[/]       : Initializing Spring embedded WebApplicationContext
2025-10-05T21:52:40.665-05:00  INFO 94391 --- [main] w.s.c.ServletWebServerApplicationContext : Root WebApplicationContext: initialization completed in 664 ms
2025-10-05T21:52:40.728-05:00  INFO 94391 --- [main] com.zaxxer.hikari.HikariDataSource       : HikariPool-1 - Starting...
2025-10-05T21:52:40.922-05:00  INFO 94391 --- [main] com.zaxxer.hikari.pool.HikariPool        : HikariPool-1 - Added connection com.mysql.cj.jdbc.ConnectionImpl@506aa618
2025-10-05T21:52:40.923-05:00  INFO 94391 --- [main] com.zaxxer.hikari.HikariDataSource       : HikariPool-1 - Start completed.
2025-10-05T21:52:40.998-05:00  INFO 94391 --- [main] o.hibernate.jpa.internal.util.LogHelper  : HHH000204: Processing PersistenceUnitInfo [name: default]
2025-10-05T21:52:41.022-05:00  INFO 94391 --- [main] org.hibernate.Version                    : HHH000412: Hibernate ORM core version 6.6.29.Final
2025-10-05T21:52:41.044-05:00  INFO 94391 --- [main] o.h.c.internal.RegionFactoryInitiator    : HHH000026: Second-level cache disabled
2025-10-05T21:52:41.194-05:00  INFO 94391 --- [main] o.s.o.j.p.SpringPersistenceUnitInfo      : No LoadTimeWeaver setup: ignoring JPA class transformer
2025-10-05T21:52:41.248-05:00  INFO 94391 --- [main] org.hibernate.orm.connections.pooling    : HHH10001005: Database info:
	Database JDBC URL [Connecting through datasource 'HikariDataSource (HikariPool-1)']
	Database driver: undefined/unknown
	Database version: 8.0.43
	Autocommit mode: undefined/unknown
	Isolation level: undefined/unknown
	Minimum pool size: undefined/unknown
	Maximum pool size: undefined/unknown
2025-10-05T21:52:41.250-05:00 DEBUG 94391 --- [main] o.h.t.d.sql.spi.DdlTypeRegistry          : addDescriptor(12, org.hibernate.type.descriptor.sql.internal.CapacityDependentDdlType@128a188a) replaced previous registration(org.hibernate.type.descriptor.sql.internal.CapacityDependentDdlType@400008bf)
2025-10-05T21:52:41.250-05:00 DEBUG 94391 --- [main] o.h.t.d.sql.spi.DdlTypeRegistry          : addDescriptor(-9, org.hibernate.type.descriptor.sql.internal.CapacityDependentDdlType@72b1df49) replaced previous registration(org.hibernate.type.descriptor.sql.internal.CapacityDependentDdlType@7f894a6f)
2025-10-05T21:52:41.251-05:00 DEBUG 94391 --- [main] o.h.t.d.sql.spi.DdlTypeRegistry          : addDescriptor(-3, org.hibernate.type.descriptor.sql.internal.CapacityDependentDdlType@3d05435c) replaced previous registration(org.hibernate.type.descriptor.sql.internal.CapacityDependentDdlType@7d80e1b3)
2025-10-05T21:52:41.251-05:00 DEBUG 94391 --- [main] o.h.t.d.sql.spi.DdlTypeRegistry          : addDescriptor(4003, org.hibernate.type.descriptor.sql.internal.DdlTypeImpl@1b732dd) replaced previous registration(org.hibernate.type.descriptor.sql.internal.DdlTypeImpl@3458dab6)
2025-10-05T21:52:41.251-05:00 DEBUG 94391 --- [main] o.h.t.d.sql.spi.DdlTypeRegistry          : addDescriptor(4001, org.hibernate.type.descriptor.sql.internal.DdlTypeImpl@23d060c2) replaced previous registration(org.hibernate.type.descriptor.sql.internal.DdlTypeImpl@59278072)
2025-10-05T21:52:41.251-05:00 DEBUG 94391 --- [main] o.h.t.d.sql.spi.DdlTypeRegistry          : addDescriptor(4002, org.hibernate.type.descriptor.sql.internal.DdlTypeImpl@61be6051) replaced previous registration(org.hibernate.type.descriptor.sql.internal.DdlTypeImpl@13c18bba)
2025-10-05T21:52:41.251-05:00 DEBUG 94391 --- [main] o.h.t.d.sql.spi.DdlTypeRegistry          : addDescriptor(2004, org.hibernate.type.descriptor.sql.internal.CapacityDependentDdlType@33373f70) replaced previous registration(org.hibernate.type.descriptor.sql.internal.DdlTypeImpl@56f61d74)
2025-10-05T21:52:41.251-05:00 DEBUG 94391 --- [main] o.h.t.d.sql.spi.DdlTypeRegistry          : addDescriptor(2005, org.hibernate.type.descriptor.sql.internal.CapacityDependentDdlType@44d84313) replaced previous registration(org.hibernate.type.descriptor.sql.internal.DdlTypeImpl@5bdb9c69)
2025-10-05T21:52:41.251-05:00 DEBUG 94391 --- [main] o.h.t.d.sql.spi.DdlTypeRegistry          : addDescriptor(2011, org.hibernate.type.descriptor.sql.internal.CapacityDependentDdlType@511de4dd) replaced previous registration(org.hibernate.type.descriptor.sql.internal.DdlTypeImpl@37e64e37)
2025-10-05T21:52:41.736-05:00  INFO 94391 --- [main] o.h.e.t.j.p.i.JtaPlatformInitiator       : HHH000489: No JTA platform available (set 'hibernate.transaction.jta.platform' to enable JTA platform integration)
2025-10-05T21:52:41.787-05:00  INFO 94391 --- [main] j.LocalContainerEntityManagerFactoryBean : Initialized JPA EntityManagerFactory for persistence unit 'default'
2025-10-05T21:52:41.957-05:00  INFO 94391 --- [main] o.s.d.j.r.query.QueryEnhancerFactory     : Hibernate is in classpath; If applicable, HQL parser will be used.
2025-10-05T21:52:42.000-05:00  WARN 94391 --- [main] JpaBaseConfiguration$JpaWebConfiguration : spring.jpa.open-in-view is enabled by default. Therefore, database queries may be performed during view rendering. Explicitly configure spring.jpa.open-in-view to disable this warning
2025-10-05T21:52:42.051-05:00 DEBUG 94391 --- [main] s.w.s.m.m.a.RequestMappingHandlerMapping : 5 mappings in 'requestMappingHandlerMapping'
2025-10-05T21:52:42.096-05:00 DEBUG 94391 --- [main] o.s.w.s.handler.SimpleUrlHandlerMapping  : Patterns [/webjars/**, /**] in 'resourceHandlerMapping'
2025-10-05T21:52:42.106-05:00  WARN 94391 --- [main] r$InitializeUserDetailsManagerConfigurer : Found 2 UserDetailsService beans, with names [customUserDetailsService, users]. Global Authentication Manager will not use a UserDetailsService for username/password login. Consider publishing a single UserDetailsService bean.
2025-10-05T21:52:42.106-05:00 DEBUG 94391 --- [main] swordEncoderAuthenticationManagerBuilder : No authenticationProviders and no parentAuthenticationManager defined. Returning null.
2025-10-05T21:52:42.169-05:00 DEBUG 94391 --- [main] o.s.s.web.DefaultSecurityFilterChain     : Will secure any request with filters: DisableEncodeUrlFilter, WebAsyncManagerIntegrationFilter, SecurityContextHolderFilter, HeaderWriterFilter, LogoutFilter, BearerTokenAuthenticationFilter, AuthenticationFilter, RequestCacheAwareFilter, SecurityContextHolderAwareRequestFilter, AnonymousAuthenticationFilter, SessionManagementFilter, ExceptionTranslationFilter, AuthorizationFilter
2025-10-05T21:52:42.177-05:00 DEBUG 94391 --- [main] o.s.s.web.DefaultSecurityFilterChain     : Will secure Or [Mvc [pattern='/auth/*']] with filters: DisableEncodeUrlFilter, WebAsyncManagerIntegrationFilter, SecurityContextHolderFilter, HeaderWriterFilter, LogoutFilter, BasicAuthenticationFilter, RequestCacheAwareFilter, SecurityContextHolderAwareRequestFilter, AnonymousAuthenticationFilter, SessionManagementFilter, ExceptionTranslationFilter, AuthorizationFilter
2025-10-05T21:52:42.219-05:00 DEBUG 94391 --- [main] s.w.s.m.m.a.RequestMappingHandlerAdapter : ControllerAdvice beans: 0 @ModelAttribute, 0 @InitBinder, 1 RequestBodyAdvice, 1 ResponseBodyAdvice
2025-10-05T21:52:42.242-05:00 DEBUG 94391 --- [main] .m.m.a.ExceptionHandlerExceptionResolver : ControllerAdvice beans: 0 @ExceptionHandler, 1 ResponseBodyAdvice
2025-10-05T21:52:42.314-05:00  INFO 94391 --- [main] o.s.b.w.embedded.tomcat.TomcatWebServer  : Tomcat started on port 8010 (http) with context path '/'
2025-10-05T21:52:42.320-05:00  INFO 94391 --- [main] a.AuthenticationserverApplication        : Started AuthenticationserverApplication in 2.599 seconds (process running for 2.957)
2025-10-05T21:52:49.937-05:00  INFO 94391 --- [http-nio-8010-exec-2] o.a.c.c.C.[Tomcat].[localhost].[/]       : Initializing Spring DispatcherServlet 'dispatcherServlet'
2025-10-05T21:52:49.937-05:00  INFO 94391 --- [http-nio-8010-exec-2] o.s.web.servlet.DispatcherServlet        : Initializing Servlet 'dispatcherServlet'
2025-10-05T21:52:49.937-05:00 DEBUG 94391 --- [http-nio-8010-exec-2] o.s.web.servlet.DispatcherServlet        : Detected StandardServletMultipartResolver
2025-10-05T21:52:49.938-05:00 DEBUG 94391 --- [http-nio-8010-exec-2] o.s.web.servlet.DispatcherServlet        : Detected AcceptHeaderLocaleResolver
2025-10-05T21:52:49.938-05:00 DEBUG 94391 --- [http-nio-8010-exec-2] o.s.web.servlet.DispatcherServlet        : Detected FixedThemeResolver
2025-10-05T21:52:49.940-05:00 DEBUG 94391 --- [http-nio-8010-exec-2] o.s.web.servlet.DispatcherServlet        : Detected org.springframework.web.servlet.view.DefaultRequestToViewNameTranslator@2298d741
2025-10-05T21:52:49.940-05:00 DEBUG 94391 --- [http-nio-8010-exec-2] o.s.web.servlet.DispatcherServlet        : Detected org.springframework.web.servlet.support.SessionFlashMapManager@619944a7
2025-10-05T21:52:49.941-05:00 DEBUG 94391 --- [http-nio-8010-exec-2] o.s.web.servlet.DispatcherServlet        : enableLoggingRequestDetails='false': request parameters and headers will be masked to prevent unsafe logging of potentially sensitive data
2025-10-05T21:52:49.941-05:00  INFO 94391 --- [http-nio-8010-exec-2] o.s.web.servlet.DispatcherServlet        : Completed initialization in 4 ms
2025-10-05T21:52:49.951-05:00 DEBUG 94391 --- [http-nio-8010-exec-2] o.s.security.web.FilterChainProxy        : Securing POST /auth/signup
2025-10-05T21:52:49.956-05:00 DEBUG 94391 --- [http-nio-8010-exec-2] o.s.s.w.a.AnonymousAuthenticationFilter  : Set SecurityContextHolder to anonymous SecurityContext
